2026-07-09T10:30:35,604 [TestNG-test-TestName-1] INFO  (EndToEndAPITest.java:28) - End2EndApiRequest test execution started....
2026-07-09T10:30:38,230 [TestNG-test-TestName-1] INFO  (RestAssuredListener.java:19) - 
 Method => POST
 Uri => https://restful-booker.herokuapp.com/booking
 Request body => {
    "firstname": "Pradiksh",
    "lastname": "Soman",
    "totalprice": 1000,
    "depositpaid": true,
    "bookingdates": {
        "checkin": "2023-05-27",
        "checkout": "2025-05-23"
    },
    "additionalneeds": "Bed"
}
 Response body => {
    "bookingid": 5356,
    "booking": {
        "firstname": "Pradiksh",
        "lastname": "Soman",
        "totalprice": 1000,
        "depositpaid": true,
        "bookingdates": {
            "checkin": "2023-05-27",
            "checkout": "2025-05-23"
        },
        "additionalneeds": "Bed"
    }
}
2026-07-09T10:30:39,509 [TestNG-test-TestName-1] INFO  (RestAssuredListener.java:19) - 
 Method => GET
 Uri => https://restful-booker.herokuapp.com/booking/5356
 Request body => null
 Response body => {
    "firstname": "Pradiksh",
    "lastname": "Soman",
    "totalprice": 1000,
    "depositpaid": true,
    "bookingdates": {
        "checkin": "2023-05-27",
        "checkout": "2025-05-23"
    },
    "additionalneeds": "Bed"
}
2026-07-09T10:30:40,679 [TestNG-test-TestName-1] INFO  (RestAssuredListener.java:19) - 
 Method => POST
 Uri => https://restful-booker.herokuapp.com/auth
 Request body => {
    "username":"admin",
    "password":"password123"

}
 Response body => {
    "token": "d4de2defb15a935"
}
2026-07-09T10:30:41,864 [TestNG-test-TestName-1] INFO  (RestAssuredListener.java:19) - 
 Method => PUT
 Uri => https://restful-booker.herokuapp.com/booking/5356
 Request body => {
    "firstname": "Pradiksh",
    "lastname": "Soman",
    "totalprice": 111,
    "depositpaid": true,
    "bookingdates": {
        "checkin": "2018-01-01",
        "checkout": "2019-01-01"
    },
    "additionalneeds": "super bowls"
}
 Response body => {
    "firstname": "Pradiksh",
    "lastname": "Soman",
    "totalprice": 111,
    "depositpaid": true,
    "bookingdates": {
        "checkin": "2018-01-01",
        "checkout": "2019-01-01"
    },
    "additionalneeds": "super bowls"
}
2026-07-09T10:30:43,426 [TestNG-test-TestName-1] INFO  (RestAssuredListener.java:19) - 
 Method => PATCH
 Uri => https://restful-booker.herokuapp.com/booking/5356
 Request body => {
    "firstname": "Niko"

}
 Response body => {
    "firstname": "Niko",
    "lastname": "Soman",
    "totalprice": 111,
    "depositpaid": true,
    "bookingdates": {
        "checkin": "2018-01-01",
        "checkout": "2019-01-01"
    },
    "additionalneeds": "super bowls"
}
2026-07-09T10:30:49,624 [TestNG-test-TestName-1] INFO  (RestAssuredListener.java:19) - 
 Method => DELETE
 Uri => https://restful-booker.herokuapp.com/booking/5356
 Request body => null
 Response body => Forbidden
2026-07-09T10:30:49,650 [TestNG-test-TestName-1] INFO  (BaseTest.java:34) - java.lang.AssertionError: 1 expectation failed.
Expected status code <201> but was <403>.

	at org.codehaus.groovy.vmplugin.v8.IndyInterface.fromCache(IndyInterface.java:344)
	at io.restassured.internal.ResponseSpecificationImpl$HamcrestAssertionClosure.validate(ResponseSpecificationImpl.groovy:516)
	at org.codehaus.groovy.vmplugin.v8.IndyInterface.fromCache(IndyInterface.java:344)
	at io.restassured.internal.ResponseSpecificationImpl.validateResponseIfRequired(ResponseSpecificationImpl.groovy:714)
	at org.codehaus.groovy.vmplugin.v8.IndyInterface.fromCache(IndyInterface.java:344)
	at io.restassured.internal.ResponseSpecificationImpl.statusCode(ResponseSpecificationImpl.groovy:139)
	at org.codehaus.groovy.vmplugin.v8.IndyInterface.fromCache(IndyInterface.java:344)
	at io.restassured.internal.ResponseSpecificationImpl.statusCode(ResponseSpecificationImpl.groovy:147)
	at io.restassured.internal.ValidatableResponseOptionsImpl.statusCode(ValidatableResponseOptionsImpl.java:89)
	at com.testautomation.apitesting.tests.EndToEndAPITest.End2EndApiRequest(EndToEndAPITest.java:133)
	at java.base/jdk.internal.reflect.DirectMethodHandleAccessor.invoke(DirectMethodHandleAccessor.java:104)
	at java.base/java.lang.reflect.Method.invoke(Method.java:565)
	at org.testng.internal.invokers.MethodInvocationHelper.invokeMethod(MethodInvocationHelper.java:141)
	at org.testng.internal.invokers.TestInvoker.invokeMethod(TestInvoker.java:697)
	at org.testng.internal.invokers.TestInvoker.invokeTestMethod(TestInvoker.java:230)
	at org.testng.internal.invokers.MethodRunner.runInSequence(MethodRunner.java:63)
	at org.testng.internal.invokers.TestInvoker$MethodInvocationAgent.invoke(TestInvoker.java:1005)
	at org.testng.internal.invokers.TestInvoker.invokeTestMethods(TestInvoker.java:203)
	at org.testng.internal.invokers.TestMethodWorker.invokeTestMethods(TestMethodWorker.java:154)
	at org.testng.internal.invokers.TestMethodWorker.run(TestMethodWorker.java:134)
	at java.base/java.util.concurrent.Executors$RunnableAdapter.call(Executors.java:545)
	at java.base/java.util.concurrent.FutureTask.run(FutureTask.java:328)
	at org.testng.internal.thread.graph.TestNGFutureTask.run(TestNGFutureTask.java:22)
	at java.base/java.util.concurrent.ThreadPoolExecutor.runWorker(ThreadPoolExecutor.java:1090)
	at java.base/java.util.concurrent.ThreadPoolExecutor$Worker.run(ThreadPoolExecutor.java:614)
	at java.base/java.lang.Thread.run(Thread.java:1474)

2026-07-09T10:34:09,431 [TestNG-test-TestName-1] INFO  (EndToEndAPITest.java:28) - End2EndApiRequest test execution started....
2026-07-09T10:34:13,554 [TestNG-test-TestName-1] INFO  (RestAssuredListener.java:19) - 
 Method => POST
 Uri => https://restful-booker.herokuapp.com/booking
 Request body => {
    "firstname": "Pradiksh",
    "lastname": "Soman",
    "totalprice": 1000,
    "depositpaid": true,
    "bookingdates": {
        "checkin": "2023-05-27",
        "checkout": "2025-05-23"
    },
    "additionalneeds": "Bed"
}
 Response body => {
    "bookingid": 1820,
    "booking": {
        "firstname": "Pradiksh",
        "lastname": "Soman",
        "totalprice": 1000,
        "depositpaid": true,
        "bookingdates": {
            "checkin": "2023-05-27",
            "checkout": "2025-05-23"
        },
        "additionalneeds": "Bed"
    }
}
2026-07-09T10:34:15,057 [TestNG-test-TestName-1] INFO  (RestAssuredListener.java:19) - 
 Method => GET
 Uri => https://restful-booker.herokuapp.com/booking/1820
 Request body => null
 Response body => {
    "firstname": "Pradiksh",
    "lastname": "Soman",
    "totalprice": 1000,
    "depositpaid": true,
    "bookingdates": {
        "checkin": "2023-05-27",
        "checkout": "2025-05-23"
    },
    "additionalneeds": "Bed"
}
2026-07-09T10:34:16,326 [TestNG-test-TestName-1] INFO  (RestAssuredListener.java:19) - 
 Method => POST
 Uri => https://restful-booker.herokuapp.com/auth
 Request body => {
    "username":"admin",
    "password":"password123"

}
 Response body => {
    "token": "7a56d942dab4993"
}
2026-07-09T10:34:17,575 [TestNG-test-TestName-1] INFO  (RestAssuredListener.java:19) - 
 Method => PUT
 Uri => https://restful-booker.herokuapp.com/booking/1820
 Request body => {
    "firstname": "Pradiksh",
    "lastname": "Soman",
    "totalprice": 111,
    "depositpaid": true,
    "bookingdates": {
        "checkin": "2018-01-01",
        "checkout": "2019-01-01"
    },
    "additionalneeds": "super bowls"
}
 Response body => {
    "firstname": "Pradiksh",
    "lastname": "Soman",
    "totalprice": 111,
    "depositpaid": true,
    "bookingdates": {
        "checkin": "2018-01-01",
        "checkout": "2019-01-01"
    },
    "additionalneeds": "super bowls"
}
2026-07-09T10:34:19,858 [TestNG-test-TestName-1] INFO  (RestAssuredListener.java:19) - 
 Method => PATCH
 Uri => https://restful-booker.herokuapp.com/booking/1820
 Request body => {
    "firstname": "Niko"

}
 Response body => {
    "firstname": "Niko",
    "lastname": "Soman",
    "totalprice": 111,
    "depositpaid": true,
    "bookingdates": {
        "checkin": "2018-01-01",
        "checkout": "2019-01-01"
    },
    "additionalneeds": "super bowls"
}
2026-07-09T10:34:21,083 [TestNG-test-TestName-1] INFO  (RestAssuredListener.java:19) - 
 Method => DELETE
 Uri => https://restful-booker.herokuapp.com/booking/1820
 Request body => null
 Response body => Created
2026-07-09T10:34:21,083 [TestNG-test-TestName-1] INFO  (EndToEndAPITest.java:143) - End2EndApiRequest test execution ended....
2026-07-09T11:36:49,757 [TestNG-test-TestName-1] INFO  (EndToEndAPITest.java:28) - End2EndApiRequest test execution started....
2026-07-09T11:36:51,931 [TestNG-test-TestName-1] INFO  (RestAssuredListener.java:19) - 
 Method => POST
 Uri => https://restful-booker.herokuapp.com/booking
 Request body => {
    "firstname": "Pradiksh",
    "lastname": "Soman",
    "totalprice": 1000,
    "depositpaid": true,
    "bookingdates": {
        "checkin": "2023-05-27",
        "checkout": "2025-05-23"
    },
    "additionalneeds": "Bed"
}
 Response body => {
    "bookingid": 3005,
    "booking": {
        "firstname": "Pradiksh",
        "lastname": "Soman",
        "totalprice": 1000,
        "depositpaid": true,
        "bookingdates": {
            "checkin": "2023-05-27",
            "checkout": "2025-05-23"
        },
        "additionalneeds": "Bed"
    }
}
2026-07-09T11:36:53,184 [TestNG-test-TestName-1] INFO  (RestAssuredListener.java:19) - 
 Method => GET
 Uri => https://restful-booker.herokuapp.com/booking/3005
 Request body => null
 Response body => {
    "firstname": "Pradiksh",
    "lastname": "Soman",
    "totalprice": 1000,
    "depositpaid": true,
    "bookingdates": {
        "checkin": "2023-05-27",
        "checkout": "2025-05-23"
    },
    "additionalneeds": "Bed"
}
2026-07-09T11:36:54,320 [TestNG-test-TestName-1] INFO  (RestAssuredListener.java:19) - 
 Method => POST
 Uri => https://restful-booker.herokuapp.com/auth
 Request body => {
    "username":"admin",
    "password":"password123"

}
 Response body => {
    "token": "a2fb8897cdefcc0"
}
2026-07-09T11:36:55,485 [TestNG-test-TestName-1] INFO  (RestAssuredListener.java:19) - 
 Method => PUT
 Uri => https://restful-booker.herokuapp.com/booking/3005
 Request body => {
    "firstname": "Pradiksh",
    "lastname": "Soman",
    "totalprice": 111,
    "depositpaid": true,
    "bookingdates": {
        "checkin": "2018-01-01",
        "checkout": "2019-01-01"
    },
    "additionalneeds": "super bowls"
}
 Response body => {
    "firstname": "Pradiksh",
    "lastname": "Soman",
    "totalprice": 111,
    "depositpaid": true,
    "bookingdates": {
        "checkin": "2018-01-01",
        "checkout": "2019-01-01"
    },
    "additionalneeds": "super bowls"
}
2026-07-09T11:36:56,969 [TestNG-test-TestName-1] INFO  (RestAssuredListener.java:19) - 
 Method => PATCH
 Uri => https://restful-booker.herokuapp.com/booking/3005
 Request body => {
    "firstname": "Niko"

}
 Response body => {
    "firstname": "Niko",
    "lastname": "Soman",
    "totalprice": 111,
    "depositpaid": true,
    "bookingdates": {
        "checkin": "2018-01-01",
        "checkout": "2019-01-01"
    },
    "additionalneeds": "super bowls"
}
2026-07-09T11:36:58,138 [TestNG-test-TestName-1] INFO  (RestAssuredListener.java:19) - 
 Method => DELETE
 Uri => https://restful-booker.herokuapp.com/booking/3005
 Request body => null
 Response body => Created
2026-07-09T11:36:58,140 [TestNG-test-TestName-1] INFO  (EndToEndAPITest.java:143) - End2EndApiRequest test execution ended....
2026-07-26T20:46:33,409 [main] INFO  (EndToEndAPITest.java:28) - End2EndApiRequest test execution started....
2026-07-26T20:46:36,172 [main] INFO  (RestAssuredListener.java:19) - 
 Method => POST
 Uri => https://restful-booker.herokuapp.com/booking
 Request body => {
    "firstname": "Pradiksh",
    "lastname": "Soman",
    "totalprice": 1000,
    "depositpaid": true,
    "bookingdates": {
        "checkin": "2023-05-27",
        "checkout": "2025-05-23"
    },
    "additionalneeds": "Bed"
}
 Response body => {
    "bookingid": 2825,
    "booking": {
        "firstname": "Pradiksh",
        "lastname": "Soman",
        "totalprice": 1000,
        "depositpaid": true,
        "bookingdates": {
            "checkin": "2023-05-27",
            "checkout": "2025-05-23"
        },
        "additionalneeds": "Bed"
    }
}
2026-07-26T20:46:37,410 [main] INFO  (RestAssuredListener.java:19) - 
 Method => GET
 Uri => https://restful-booker.herokuapp.com/booking/2825
 Request body => null
 Response body => {
    "firstname": "Pradiksh",
    "lastname": "Soman",
    "totalprice": 1000,
    "depositpaid": true,
    "bookingdates": {
        "checkin": "2023-05-27",
        "checkout": "2025-05-23"
    },
    "additionalneeds": "Bed"
}
2026-07-26T20:46:38,560 [main] INFO  (RestAssuredListener.java:19) - 
 Method => POST
 Uri => https://restful-booker.herokuapp.com/auth
 Request body => {
    "username":"admin",
    "password":"password123"

}
 Response body => {
    "token": "53f34705c0ff4d4"
}
2026-07-26T20:46:39,684 [main] INFO  (RestAssuredListener.java:19) - 
 Method => PUT
 Uri => https://restful-booker.herokuapp.com/booking/2825
 Request body => {
    "firstname": "Pradiksh",
    "lastname": "Soman",
    "totalprice": 111,
    "depositpaid": true,
    "bookingdates": {
        "checkin": "2018-01-01",
        "checkout": "2019-01-01"
    },
    "additionalneeds": "super bowls"
}
 Response body => {
    "firstname": "Pradiksh",
    "lastname": "Soman",
    "totalprice": 111,
    "depositpaid": true,
    "bookingdates": {
        "checkin": "2018-01-01",
        "checkout": "2019-01-01"
    },
    "additionalneeds": "super bowls"
}
2026-07-26T20:46:41,480 [main] INFO  (RestAssuredListener.java:19) - 
 Method => PATCH
 Uri => https://restful-booker.herokuapp.com/booking/2825
 Request body => {
    "firstname": "Niko"

}
 Response body => {
    "firstname": "Niko",
    "lastname": "Soman",
    "totalprice": 111,
    "depositpaid": true,
    "bookingdates": {
        "checkin": "2018-01-01",
        "checkout": "2019-01-01"
    },
    "additionalneeds": "super bowls"
}
2026-07-26T20:46:42,639 [main] INFO  (RestAssuredListener.java:19) - 
 Method => DELETE
 Uri => https://restful-booker.herokuapp.com/booking/2825
 Request body => null
 Response body => Created
2026-07-26T20:46:42,641 [main] INFO  (EndToEndAPITest.java:143) - End2EndApiRequest test execution ended....
